// Jest Snapshot v1, https://goo.gl/fbAQLP

exports[`It orders scripts in alphabetical order, keeping pre and post scripts beside their counterparts 1`] = `
"{
  \\"scripts\\": {
    \\"build\\": \\"build\\",
    \\"pretest\\": \\"pretest\\",
    \\"test\\": \\"test\\",
    \\"version\\": \\"version\\",
    \\"postversion\\": \\"postversion\\"
  }
}
"
`;
