// Jest Snapshot v1, https://goo.gl/fbAQLP

exports[`It orders dependencies in alphabetical order 1`] = `
"{
  \\"dependencies\\": {
    \\"a\\": \\"1\\",
    \\"foo-bar\\": \\"2\\",
    \\"foo_bar\\": \\"3\\",
    \\"g\\": \\"4\\"
  }
}
"
`;
